     1                                  ; **************** hi.asm **************
     2                                       ORG   0100H
     3 00000000 E80800                       CALL  hi        ;呼叫hi程序
     4 00000003 E80500                       CALL  hi        ;呼叫hi程序
     5 00000006 B8004C                       MOV   AX, 4c00H
     6 00000009 CD21                         INT   21H
     7                                  hi:                  ;hi程序
     8 0000000B 60                           PUSHA           ;保存所有暫存器值
     9 0000000C B248                         MOV   DL, 'H'   ;DL='H'
    10 0000000E B402                         MOV   AH, 02H   ;設定顯示字元功能
    11 00000010 CD21                         INT   21H       ;顯示DL內含字元
    12 00000012 B269                         MOV   DL, 'i'   ;DL='i'
    13 00000014 B402                         MOV   AH, 02H   ;設定顯示字元功能
    14 00000016 CD21                         INT   21H       ;顯示DL內含字元
    15 00000018 61                           POPA            ;恢復所有暫存器值
    16 00000019 C3                           RET
